// Jest Snapshot v1, https://goo.gl/fbAQLP

exports[`renders without crashing 1`] = `
<div>
  <MenuExampleSecondary />
  <Route
    component={[Function]}
    exact={true}
    path="/"
  />
  <Route
    component={[Function]}
    path="/about"
  />
  <Route
    component={[Function]}
    path="/search"
  />
</div>
`;
